// Jest Snapshot v1, https://goo.gl/fbAQLP

exports[`TheHeader Properly renders 1`] = `
<div>
  <vnavigationdrawer-stub
    app="true"
    dark="true"
    height="100vh"
    minivariantwidth="80"
    mobilebreakpoint="1264"
    src=""
    tag="nav"
    temporary="true"
    width="256"
  >
    <vlist-stub
      nav="true"
      tag="div"
      tile="true"
    >
      <vlistitem-stub
        activeclass=""
        class="drawer-header"
        tag="div"
      >
        <img
          alt="Logo"
          class="tv-logo"
          src="../assets/rpitv_logo.png"
        />
         
        <h3>
          RPI TV
        </h3>
      </vlistitem-stub>
       
      <vlistitemsubtitle-stub
        class="drawer-social"
      >
        <a
          href="https://youtube.com/rpitv"
        >
          <font-awesome-icon-stub
            icon="fab,youtube"
            size="lg"
          />
        </a>
        <a
          href="https://twitter.com/rpitv"
        >
          <font-awesome-icon-stub
            icon="fab,twitter"
            size="lg"
          />
        </a>
        <a
          href="https://reddit.com/u/rpi_tv"
        >
          <font-awesome-icon-stub
            icon="fab,reddit-alien"
            size="lg"
          />
        </a>
      </vlistitemsubtitle-stub>
       
      <vdivider-stub />
       
      <vlistitem-stub
        activeclass=""
        class="drawer-item"
        tag="div"
        to="/"
      >
        <vlistitemaction-stub>
          <font-awesome-icon-stub
            class="drawer-icon"
            icon="fad,house"
          />
        </vlistitemaction-stub>
         
        <vlistitemcontent-stub
          class="drawer-item-content"
        >
          
          Home
        
        </vlistitemcontent-stub>
      </vlistitem-stub>
      <vlistitem-stub
        activeclass=""
        class="drawer-item"
        tag="div"
        to="/productions"
      >
        <vlistitemaction-stub>
          <font-awesome-icon-stub
            class="drawer-icon"
            icon="fad,camera-movie"
          />
        </vlistitemaction-stub>
         
        <vlistitemcontent-stub
          class="drawer-item-content"
        >
          
          Productions
        
        </vlistitemcontent-stub>
      </vlistitem-stub>
      <vlistitem-stub
        activeclass=""
        class="drawer-item"
        tag="div"
        to="/contact"
      >
        <vlistitemaction-stub>
          <font-awesome-icon-stub
            class="drawer-icon"
            icon="fad,file-signature"
          />
        </vlistitemaction-stub>
         
        <vlistitemcontent-stub
          class="drawer-item-content"
        >
          
          Contact Us
        
        </vlistitemcontent-stub>
      </vlistitem-stub>
      <vlistitem-stub
        activeclass=""
        class="drawer-item"
        tag="div"
        to="/about"
      >
        <vlistitemaction-stub>
          <font-awesome-icon-stub
            class="drawer-icon"
            icon="fad,info-circle"
          />
        </vlistitemaction-stub>
         
        <vlistitemcontent-stub
          class="drawer-item-content"
        >
          
          About
        
        </vlistitemcontent-stub>
      </vlistitem-stub>
       
      <vdivider-stub />
       
      <vlistitem-stub
        activeclass=""
        class="drawer-item"
        tag="div"
        to="/join"
      >
        <vlistitemaction-stub>
          <font-awesome-icon-stub
            class="drawer-icon"
            icon="fad,hands-helping"
          />
        </vlistitemaction-stub>
         
        <vlistitemcontent-stub
          class="drawer-item-content"
        >
          
          Join The Club
        
        </vlistitemcontent-stub>
      </vlistitem-stub>
      <vlistitem-stub
        activeclass=""
        class="drawer-item"
        tag="div"
        to="/donate"
      >
        <vlistitemaction-stub>
          <font-awesome-icon-stub
            class="drawer-icon"
            icon="fad,donate"
          />
        </vlistitemaction-stub>
         
        <vlistitemcontent-stub
          class="drawer-item-content"
        >
          
          Donate
        
        </vlistitemcontent-stub>
      </vlistitem-stub>
      <vlistitem-stub
        activeclass=""
        class="drawer-item"
        tag="div"
        to="/login"
      >
        <vlistitemaction-stub>
          <font-awesome-icon-stub
            class="drawer-icon"
            icon="fad,sign-in"
          />
        </vlistitemaction-stub>
         
        <vlistitemcontent-stub
          class="drawer-item-content"
        >
          
          Login
        
        </vlistitemcontent-stub>
      </vlistitem-stub>
    </vlist-stub>
  </vnavigationdrawer-stub>
   
  <vappbar-stub
    app="true"
    color="#b05454"
    dark="true"
    elevateonscroll="true"
    extensionheight="48"
    src=""
    tag="header"
    tile="true"
    value="true"
  >
    <span
      class="hidden-sm-and-up"
    >
      <font-awesome-icon-stub
        class="drawer-icon"
        icon="fal,bars"
      />
    </span>
     
    <vtoolbartitle-stub
      class="app-nav-header"
    >
      <img
        alt="Logo"
        class="tv-logo"
        src="../assets/rpitv_logo.png"
      />
    </vtoolbartitle-stub>
     
    <vtoolbaritems-stub
      class="hidden-xs-only"
    >
      <vbtn-stub
        activeclass=""
        nuxt="true"
        tag="button"
        text="true"
        to="/"
        type="button"
      >
        
        Home
      
      </vbtn-stub>
      <vbtn-stub
        activeclass=""
        nuxt="true"
        tag="button"
        text="true"
        to="/productions"
        type="button"
      >
        
        Productions
      
      </vbtn-stub>
      <vbtn-stub
        activeclass=""
        nuxt="true"
        tag="button"
        text="true"
        to="/contact"
        type="button"
      >
        
        Contact Us
      
      </vbtn-stub>
      <vbtn-stub
        activeclass=""
        nuxt="true"
        tag="button"
        text="true"
        to="/about"
        type="button"
      >
        
        About
      
      </vbtn-stub>
    </vtoolbaritems-stub>
     
    <div
      class="d-none d-sm-flex d-md-none app-nav-right-items"
    >
      <vmenu-stub
        closedelay="0"
        closeonclick="true"
        closeoncontentclick="true"
        contentclass=""
        maxheight="auto"
        maxwidth="auto"
        nudgebottom="0"
        nudgeleft="0"
        nudgeright="0"
        nudgetop="0"
        nudgewidth="0"
        opendelay="0"
        openonclick="true"
        openonhover="true"
        origin="top left"
        transition="v-menu-transition"
      >
         
        <vlist-stub
          tag="div"
          tile="true"
        >
          <vlistitem-stub
            activeclass=""
            nuxt="true"
            tag="div"
            text=""
            to="/join"
          >
            
            Join The Club
          
          </vlistitem-stub>
          <vlistitem-stub
            activeclass=""
            nuxt="true"
            tag="div"
            text=""
            to="/donate"
          >
            
            Donate
          
          </vlistitem-stub>
          <vlistitem-stub
            activeclass=""
            nuxt="true"
            tag="div"
            text=""
            to="/login"
          >
            
            Login
          
          </vlistitem-stub>
        </vlist-stub>
      </vmenu-stub>
    </div>
     
    <vtoolbaritems-stub
      class="hidden-sm-and-down app-nav-right-items"
    >
      <vbtn-stub
        activeclass=""
        nuxt="true"
        tag="button"
        text="true"
        to="/join"
        type="button"
      >
        
        Join The Club
      
      </vbtn-stub>
      <vbtn-stub
        activeclass=""
        nuxt="true"
        tag="button"
        text="true"
        to="/donate"
        type="button"
      >
        
        Donate
      
      </vbtn-stub>
      <vbtn-stub
        activeclass=""
        nuxt="true"
        tag="button"
        text="true"
        to="/login"
        type="button"
      >
        
        Login
      
      </vbtn-stub>
    </vtoolbaritems-stub>
  </vappbar-stub>
</div>
`;
