// Jest Snapshot v1, https://goo.gl/fbAQLP

exports[`MobileHeader Properly renders 1`] = `
<vnavigationdrawer-stub
  app="true"
  dark="true"
  height="100vh"
  minivariantwidth="80"
  mobilebreakpoint="1264"
  src=""
  tag="nav"
  temporary="true"
  value="true"
  width="256"
>
  <vlist-stub
    nav="true"
    tag="div"
    tile="true"
  >
    <vlistitem-stub
      activeclass=""
      class="drawer-header"
      tag="div"
    >
      <img
        alt="Logo"
        class="tv-logo"
        src="../../assets/rpitv_logo_400.png"
      />
       
      <h3>
        RPI TV
      </h3>
    </vlistitem-stub>
     
    <vlistitemsubtitle-stub
      class="drawer-social"
    >
      <a
        aria-label="YouTube"
        href="https://youtube.com/rpitv"
      >
        <font-awesome-icon-stub
          icon="fab,youtube"
          size="lg"
        />
      </a>
      <a
        aria-label="Twitter"
        href="https://twitter.com/rpitv"
      >
        <font-awesome-icon-stub
          icon="fab,twitter"
          size="lg"
        />
      </a>
      <a
        aria-label="Reddit"
        href="https://reddit.com/u/rpi_tv"
      >
        <font-awesome-icon-stub
          icon="fab,reddit-alien"
          size="lg"
        />
      </a>
    </vlistitemsubtitle-stub>
     
    <vdivider-stub />
     
    <span>
      <!---->
    </span>
    <span>
      <headerdropdown-stub
        depth="1"
        icon="fal,b"
        items="[object Object]"
        title="ElemB"
      />
    </span>
     
    <vdivider-stub />
     
    <span>
      <vlistitem-stub
        activeclass=""
        class=""
        nuxt="true"
        tag="div"
        to="/c"
      >
        <vlistitemicon-stub>
          <font-awesome-icon-stub
            class="drawer-icon"
            icon="fal,c-sub"
          />
        </vlistitemicon-stub>
         
        <vlistitemtitle-stub>
          
          ElemC
        
        </vlistitemtitle-stub>
      </vlistitem-stub>
    </span>
  </vlist-stub>
</vnavigationdrawer-stub>
`;
